2025-11-18 09:23:27 - Hotel Data Structure: Array
(
    [hotels] => Array
        (
            [0] => Array
                (
                    [property_id] => 19
                    [title] => Hotel Ranelo
                    [description] => Dining options are described individually, highlighting the ambiance, cuisine, and notable features like signature dishes or renowned chefs.
                    [price_per_night] => 2500.00
                    [address] => Brgy 110 Utap Tacloban City
                )

            [1] => Array
                (
                    [property_id] => 18
                    [title] => Joshua house
                    [description] => Fresn and clean with high mountain view,
                    [price_per_night] => 2500.00
                    [address] => Brgy Naga-asan
                )

        )

)

2025-11-18 09:38:09 - Hotel Data Structure: Array
(
    [hotels] => Array
        (
            [0] => Array
                (
                    [property_id] => 19
                    [title] => Hotel Ranelo
                    [description] => Dining options are described individually, highlighting the ambiance, cuisine, and notable features like signature dishes or renowned chefs.
                    [price_per_night] => 2500.00
                    [address] => Brgy 110 Utap Tacloban City
                )

            [1] => Array
                (
                    [property_id] => 18
                    [title] => Joshua house
                    [description] => Fresn and clean with high mountain view,
                    [price_per_night] => 2500.00
                    [address] => Brgy Naga-asan
                )

        )

)

2025-11-18 09:38:11 - Hotel Data Structure: Array
(
    [hotels] => Array
        (
            [0] => Array
                (
                    [property_id] => 19
                    [title] => Hotel Ranelo
                    [description] => Dining options are described individually, highlighting the ambiance, cuisine, and notable features like signature dishes or renowned chefs.
                    [price_per_night] => 2500.00
                    [address] => Brgy 110 Utap Tacloban City
                )

            [1] => Array
                (
                    [property_id] => 18
                    [title] => Joshua house
                    [description] => Fresn and clean with high mountain view,
                    [price_per_night] => 2500.00
                    [address] => Brgy Naga-asan
                )

        )

)

2025-11-18 09:38:18 - Hotel Data Structure: Array
(
    [hotels] => Array
        (
            [0] => Array
                (
                    [property_id] => 19
                    [title] => Hotel Ranelo
                    [description] => Dining options are described individually, highlighting the ambiance, cuisine, and notable features like signature dishes or renowned chefs.
                    [price_per_night] => 2500.00
                    [address] => Brgy 110 Utap Tacloban City
                )

            [1] => Array
                (
                    [property_id] => 18
                    [title] => Joshua house
                    [description] => Fresn and clean with high mountain view,
                    [price_per_night] => 2500.00
                    [address] => Brgy Naga-asan
                )

        )

)

2025-11-18 09:38:20 - Hotel Data Structure: Array
(
    [hotels] => Array
        (
            [0] => Array
                (
                    [property_id] => 19
                    [title] => Hotel Ranelo
                    [description] => Dining options are described individually, highlighting the ambiance, cuisine, and notable features like signature dishes or renowned chefs.
                    [price_per_night] => 2500.00
                    [address] => Brgy 110 Utap Tacloban City
                )

            [1] => Array
                (
                    [property_id] => 18
                    [title] => Joshua house
                    [description] => Fresn and clean with high mountain view,
                    [price_per_night] => 2500.00
                    [address] => Brgy Naga-asan
                )

        )

)

2025-11-18 09:38:24 - Hotel Data Structure: Array
(
    [hotels] => Array
        (
            [0] => Array
                (
                    [property_id] => 19
                    [title] => Hotel Ranelo
                    [description] => Dining options are described individually, highlighting the ambiance, cuisine, and notable features like signature dishes or renowned chefs.
                    [price_per_night] => 2500.00
                    [address] => Brgy 110 Utap Tacloban City
                )

            [1] => Array
                (
                    [property_id] => 18
                    [title] => Joshua house
                    [description] => Fresn and clean with high mountain view,
                    [price_per_night] => 2500.00
                    [address] => Brgy Naga-asan
                )

        )

)

2025-11-18 09:38:26 - Hotel Data Structure: Array
(
    [hotels] => Array
        (
            [0] => Array
                (
                    [property_id] => 19
                    [title] => Hotel Ranelo
                    [description] => Dining options are described individually, highlighting the ambiance, cuisine, and notable features like signature dishes or renowned chefs.
                    [price_per_night] => 2500.00
                    [address] => Brgy 110 Utap Tacloban City
                )

            [1] => Array
                (
                    [property_id] => 18
                    [title] => Joshua house
                    [description] => Fresn and clean with high mountain view,
                    [price_per_night] => 2500.00
                    [address] => Brgy Naga-asan
                )

        )

)

2025-11-18 09:38:31 - Hotel Data Structure: Array
(
    [hotels] => Array
        (
            [0] => Array
                (
                    [property_id] => 19
                    [title] => Hotel Ranelo
                    [description] => Dining options are described individually, highlighting the ambiance, cuisine, and notable features like signature dishes or renowned chefs.
                    [price_per_night] => 2500.00
                    [address] => Brgy 110 Utap Tacloban City
                )

            [1] => Array
                (
                    [property_id] => 18
                    [title] => Joshua house
                    [description] => Fresn and clean with high mountain view,
                    [price_per_night] => 2500.00
                    [address] => Brgy Naga-asan
                )

        )

)

2025-11-18 09:38:40 - Hotel Data Structure: Array
(
    [hotels] => Array
        (
            [0] => Array
                (
                    [property_id] => 19
                    [title] => Hotel Ranelo
                    [description] => Dining options are described individually, highlighting the ambiance, cuisine, and notable features like signature dishes or renowned chefs.
                    [price_per_night] => 2500.00
                    [address] => Brgy 110 Utap Tacloban City
                )

            [1] => Array
                (
                    [property_id] => 18
                    [title] => Joshua house
                    [description] => Fresn and clean with high mountain view,
                    [price_per_night] => 2500.00
                    [address] => Brgy Naga-asan
                )

        )

)

